---
source: crates/reporters/rwx_v1_json/src/lib.rs
expression: json
---
{"$schema":"https://raw.githubusercontent.com/rwx-research/test-results-schema/main/v1.json","framework":{"kind":"other","language":"other","providedKind":"zframework","providedLanguage":"zlang"},"summary":{"status":{"kind":"successful"},"tests":1,"otherErrors":0,"retries":0,"canceled":0,"failed":0,"pended":0,"quarantined":0,"skipped":0,"successful":1,"timedOut":0,"todo":0},"tests":[{"id":"id1","name":"app::module::test1","lineage":["TopLevel","SubModule","Test"],"location":{"file":"a/b/x.file","line":10,"column":15},"attempt":{"durationInNanoseconds":11000000,"meta":{},"status":{"kind":"successful"},"stderr":"my stdout","stdout":"my stderr","startedAt":"1994-11-05T13:15:30Z","finishedAt":"1994-11-05T13:17:30Z"}}]}
