---
source: crates/reporters/rwx_v1_json/src/lib.rs
expression: json
---
{"$schema":"https://raw.githubusercontent.com/rwx-research/test-results-schema/main/v1.json","framework":{"kind":"other","language":"other"},"summary":{"status":{"kind":"failed"},"tests":5,"otherErrors":0,"retries":0,"canceled":0,"failed":2,"pended":1,"quarantined":0,"skipped":1,"successful":1,"timedOut":0,"todo":0},"tests":[{"name":"app::module::test1","attempt":{"durationInNanoseconds":11000000,"meta":{"some":"value"},"status":{"kind":"successful"}}},{"name":"app::module::test2","attempt":{"durationInNanoseconds":22000000,"meta":{},"status":{"kind":"failed","message":"Test 2 failed"}}},{"name":"app::module::test3","attempt":{"durationInNanoseconds":33000000,"meta":{},"status":{"kind":"failed"}}},{"name":"app::module::test4","attempt":{"durationInNanoseconds":44000000,"meta":{},"status":{"kind":"pended"}}},{"name":"app::module::test5","attempt":{"durationInNanoseconds":55000000,"meta":{},"status":{"kind":"skipped"}}}]}
