---
source: crates/abq_cli/tests/cli.rs
expression: sanitize_output(&stdout)
---
--------------------------------------------------------------------------------
---------------------------------- ABQ RETRY -----------------------------------
--------------------------------------------------------------------------------

--------------------------------------------------------------------------------
---------------------------------- ABQ RETRY -----------------------------------
--------------------------------------------------------------------------------

--------------------------------------------------------------------------------
---------------------------------- ABQ RETRY -----------------------------------
--------------------------------------------------------------------------------

--------------------------------------------------------------------------------
---------------------------------- ABQ RETRY -----------------------------------
--------------------------------------------------------------------------------



--------------------------------------------------------------------------------
------------------------------------- ABQ --------------------------------------
--------------------------------------------------------------------------------

Finished in XX seconds (XX seconds spent in test code)
64 tests, 64 failures, 64 retried

Failures:

    runner N:
       64   a/b/x.file

