---
source: crates/abq_cli/tests/cli.rs
expression: stderr
---
error: Found argument '--zzz-not-an-abq-option' which wasn't expected, or isn't valid in this context

  If you tried to supply '--zzz-not-an-abq-option' as a value rather than a flag, use '-- --zzz-not-an-abq-option'

Usage: abq test [OPTIONS] -- <ARGS>...

For more information try '--help'

