---
source: crates/abq_cli/tests/cli.rs
expression: stderr
---
error: The following required arguments were not provided:
  <--api-key <API_KEY>|--queue-addr <QUEUE_ADDR>>

Usage: abq work --working-dir <WORKING_DIR> --run-id <RUN_ID> --num <NUM> <--api-key <API_KEY>|--queue-addr <QUEUE_ADDR>>

For more information try '--help'

